// Jest Snapshot v1, https://goo.gl/fbAQLP

exports[`components/preview-ghost/PreviewGhost.js should render correctly 1`] = `
<div
  className="PreviewGhost"
>
  <Ghost
    className="PreviewGhost-ghost"
    height={288}
  />
</div>
`;
